[     357ms] [INFO] %cDownload the React DevTools for a better development experience: https://reactjs.org/link/react-devtools font-weight:bold @ webpack-internal:///(app-pages-browser)/./node_modules/next/dist/compiled/react-dom/cjs/react-dom.development.js:38559
[  261931ms] [LOG] [Fast Refresh] rebuilding @ webpack-internal:///(app-pages-browser)/./node_modules/next/dist/client/components/react-dev-overlay/app/hot-reloader-client.js:186
[  262474ms] [LOG] [Fast Refresh] done in 544ms @ webpack-internal:///(app-pages-browser)/./node_modules/next/dist/client/components/react-dev-overlay/app/hot-reloader-client.js:43
[  321174ms] [LOG] [Fast Refresh] rebuilding @ webpack-internal:///(app-pages-browser)/./node_modules/next/dist/client/components/react-dev-overlay/app/hot-reloader-client.js:186
[  321547ms] [LOG] [Fast Refresh] done in 373ms @ webpack-internal:///(app-pages-browser)/./node_modules/next/dist/client/components/react-dev-overlay/app/hot-reloader-client.js:43
[  332165ms] [LOG] [Fast Refresh] rebuilding @ webpack-internal:///(app-pages-browser)/./node_modules/next/dist/client/components/react-dev-overlay/app/hot-reloader-client.js:186
[  332436ms] [LOG] [Fast Refresh] done in 271ms @ webpack-internal:///(app-pages-browser)/./node_modules/next/dist/client/components/react-dev-overlay/app/hot-reloader-client.js:43
[  406840ms] [LOG] [Fast Refresh] rebuilding @ webpack-internal:///(app-pages-browser)/./node_modules/next/dist/client/components/react-dev-overlay/app/hot-reloader-client.js:186
[  407415ms] [LOG] [Fast Refresh] done in 576ms @ webpack-internal:///(app-pages-browser)/./node_modules/next/dist/client/components/react-dev-overlay/app/hot-reloader-client.js:43
[  412940ms] [LOG] [Fast Refresh] rebuilding @ webpack-internal:///(app-pages-browser)/./node_modules/next/dist/client/components/react-dev-overlay/app/hot-reloader-client.js:186
[  413083ms] [ERROR] ./components/DataProtectionBlog.tsx
Error: 
  x the name `checkedCount` is defined multiple times
     ,-[/Users/anup.singh/Projects/anup-portfolio-next/components/DataProtectionBlog.tsx:407:1]
 407 | 
 408 |   const circumference = 2 * Math.PI * 70;
 409 |   const offset = circumference - (circumference * score) / 100;
 410 |   const checkedCount = checks.filter(Boolean).length;
     :         ^^^^^^|^^^^^
     :               `-- previous definition of `checkedCount` here
 411 | 
 412 |   const checkedCount = checks.filter(Boolean).length;
     :         ^^^^^^|^^^^^
     :               `-- `checkedCount` redefined here
 413 | 
 414 |   return (
 415 |     <div className="grid grid-cols-1 lg:grid-cols-[320px_1fr] gap-8 lg:gap-12">
     `----

Import trace for requested module:
./components/DataProtectionBlog.tsx
./app/blog/[slug]/page.tsx @ webpack-internal:///(app-pages-browser)/./node_modules/next/dist/client/app-index.js:32
[  414124ms] [LOG] [Fast Refresh] done in 1185ms @ webpack-internal:///(app-pages-browser)/./node_modules/next/dist/client/components/react-dev-overlay/app/hot-reloader-client.js:43
[  414645ms] [LOG] [Fast Refresh] done in 1706ms @ webpack-internal:///(app-pages-browser)/./node_modules/next/dist/client/components/react-dev-overlay/app/hot-reloader-client.js:43
[  414732ms] [ERROR] ./components/DataProtectionBlog.tsx
Error: 
  x the name `checkedCount` is defined multiple times
     ,-[/Users/anup.singh/Projects/anup-portfolio-next/components/DataProtectionBlog.tsx:407:1]
 407 | 
 408 |   const circumference = 2 * Math.PI * 70;
 409 |   const offset = circumference - (circumference * score) / 100;
 410 |   const checkedCount = checks.filter(Boolean).length;
     :         ^^^^^^|^^^^^
     :               `-- previous definition of `checkedCount` here
 411 | 
 412 |   const checkedCount = checks.filter(Boolean).length;
     :         ^^^^^^|^^^^^
     :               `-- `checkedCount` redefined here
 413 | 
 414 |   return (
 415 |     <div className="grid grid-cols-1 lg:grid-cols-[320px_1fr] gap-8 lg:gap-12">
     `----

Import trace for requested module:
./components/DataProtectionBlog.tsx
./app/blog/[slug]/page.tsx @ webpack-internal:///(app-pages-browser)/./node_modules/next/dist/client/app-index.js:32
[  414857ms] [ERROR] Failed to load resource: the server responded with a status of 500 (Internal Server Error) @ http://localhost:3000/blog/data-protection-web-security-essentials?_rsc=1s3iu:0
[  414884ms] [ERROR] Failed to load resource: the server responded with a status of 500 (Internal Server Error) @ http://localhost:3000/blog/data-protection-web-security-essentials?_rsc=1s3iu:0
[  414905ms] [ERROR] Failed to load resource: the server responded with a status of 500 (Internal Server Error) @ http://localhost:3000/blog/data-protection-web-security-essentials?_rsc=1s3iu:0
[  415004ms] [ERROR] Failed to load resource: the server responded with a status of 500 (Internal Server Error) @ http://localhost:3000/blog/data-protection-web-security-essentials:0
[  415229ms] [INFO] %cDownload the React DevTools for a better development experience: https://reactjs.org/link/react-devtools font-weight:bold @ webpack-internal:///./node_modules/react-dom/cjs/react-dom.development.js:29889
[  415256ms] ModuleBuildError: Module build failed (from ./node_modules/next/dist/build/webpack/loaders/next-swc-loader.js):
Error: 
  x the name `checkedCount` is defined multiple times
     ,-[/Users/anup.singh/Projects/anup-portfolio-next/components/DataProtectionBlog.tsx:407:1]
 407 | 
 408 |   const circumference = 2 * Math.PI * 70;
 409 |   const offset = circumference - (circumference * score) / 100;
 410 |   const checkedCount = checks.filter(Boolean).length;
     :         ^^^^^^|^^^^^
     :               `-- previous definition of `checkedCount` here
 411 | 
 412 |   const checkedCount = checks.filter(Boolean).length;
     :         ^^^^^^|^^^^^
     :               `-- `checkedCount` redefined here
 413 | 
 414 |   return (
 415 |     <div className="grid grid-cols-1 lg:grid-cols-[320px_1fr] gap-8 lg:gap-12">
     `----

    at processResult (file:///Users/anup.singh/Projects/anup-portfolio-next/node_modules/next/dist/compiled/webpack/bundle5.js:28:400590)
    at <unknown> (file:///Users/anup.singh/Projects/anup-portfolio-next/node_modules/next/dist/compiled/webpack/bundle5.js:28:402302)
    at <unknown> (file:///Users/anup.singh/Projects/anup-portfolio-next/node_modules/next/dist/compiled/loader-runner/LoaderRunner.js:1:8645)
    at <unknown> (file:///Users/anup.singh/Projects/anup-portfolio-next/node_modules/next/dist/compiled/loader-runner/LoaderRunner.js:1:5019)
    at r.callback (file:///Users/anup.singh/Projects/anup-portfolio-next/node_modules/next/dist/compiled/loader-runner/LoaderRunner.js:1:4039)
[  415256ms] [LOG] [HMR] connected @ webpack-internal:///./node_modules/next/dist/client/components/react-dev-overlay/pages/websocket.js:38
[  415257ms] [ERROR] ./components/DataProtectionBlog.tsx
Error: 
  x the name `checkedCount` is defined multiple times
     ,-[/Users/anup.singh/Projects/anup-portfolio-next/components/DataProtectionBlog.tsx:407:1]
 407 | 
 408 |   const circumference = 2 * Math.PI * 70;
 409 |   const offset = circumference - (circumference * score) / 100;
 410 |   const checkedCount = checks.filter(Boolean).length;
     :         ^^^^^^|^^^^^
     :               `-- previous definition of `checkedCount` here
 411 | 
 412 |   const checkedCount = checks.filter(Boolean).length;
     :         ^^^^^^|^^^^^
     :               `-- `checkedCount` redefined here
 413 | 
 414 |   return (
 415 |     <div className="grid grid-cols-1 lg:grid-cols-[320px_1fr] gap-8 lg:gap-12">
     `---- @ webpack-internal:///./node_modules/next/dist/client/components/react-dev-overlay/internal/helpers/hydration-error-info.js:62
[  415280ms] [LOG] [Fast Refresh] rebuilding @ webpack-internal:///./node_modules/next/dist/client/components/react-dev-overlay/pages/hot-reloader-client.js:221
[  415428ms] [ERROR] ./components/DataProtectionBlog.tsx
Error: 
  x the name `checkedCount` is defined multiple times
     ,-[/Users/anup.singh/Projects/anup-portfolio-next/components/DataProtectionBlog.tsx:407:1]
 407 | 
 408 |   const circumference = 2 * Math.PI * 70;
 409 |   const offset = circumference - (circumference * score) / 100;
 410 |   const checkedCount = checks.filter(Boolean).length;
     :         ^^^^^^|^^^^^
     :               `-- previous definition of `checkedCount` here
 411 | 
 412 |   const checkedCount = checks.filter(Boolean).length;
     :         ^^^^^^|^^^^^
     :               `-- `checkedCount` redefined here
 413 | 
 414 |   return (
 415 |     <div className="grid grid-cols-1 lg:grid-cols-[320px_1fr] gap-8 lg:gap-12">
     `----

Import trace for requested module:
./components/DataProtectionBlog.tsx
./app/blog/[slug]/page.tsx @ webpack-internal:///./node_modules/next/dist/client/components/react-dev-overlay/internal/helpers/hydration-error-info.js:62
[  415538ms] [ERROR] ./components/DataProtectionBlog.tsx
Error: 
  x the name `checkedCount` is defined multiple times
     ,-[/Users/anup.singh/Projects/anup-portfolio-next/components/DataProtectionBlog.tsx:407:1]
 407 | 
 408 |   const circumference = 2 * Math.PI * 70;
 409 |   const offset = circumference - (circumference * score) / 100;
 410 |   const checkedCount = checks.filter(Boolean).length;
     :         ^^^^^^|^^^^^
     :               `-- previous definition of `checkedCount` here
 411 | 
 412 |   const checkedCount = checks.filter(Boolean).length;
     :         ^^^^^^|^^^^^
     :               `-- `checkedCount` redefined here
 413 | 
 414 |   return (
 415 |     <div className="grid grid-cols-1 lg:grid-cols-[320px_1fr] gap-8 lg:gap-12">
     `----

Import trace for requested module:
./components/DataProtectionBlog.tsx
./app/blog/[slug]/page.tsx @ webpack-internal:///./node_modules/next/dist/client/components/react-dev-overlay/internal/helpers/hydration-error-info.js:62
[  415551ms] [ERROR] Failed to load resource: the server responded with a status of 500 (Internal Server Error) @ http://localhost:3000/_next/static/webpack/98796b3046a284ef.webpack.hot-update.json:0
[  415552ms] [WARNING] [Fast Refresh] performing full reload

Fast Refresh will perform a full reload when you edit a file that's imported by modules outside of the React rendering tree.
You might have a file which exports a React component but also exports a value that is imported by a non-React component file.
Consider migrating the non-React component export to a separate file and importing it into both files.

It is also possible the parent component of the component you edited is a class component, which disables Fast Refresh.
Fast Refresh requires at least one parent function component in your React tree. @ webpack-internal:///./node_modules/next/dist/client/components/react-dev-overlay/pages/hot-reloader-client.js:347
[  415566ms] [ERROR] Failed to load resource: the server responded with a status of 404 (Not Found) @ http://localhost:3000/favicon.ico:0
[  415646ms] [ERROR] Failed to load resource: the server responded with a status of 500 (Internal Server Error) @ http://localhost:3000/blog/data-protection-web-security-essentials:0
[  415804ms] [INFO] %cDownload the React DevTools for a better development experience: https://reactjs.org/link/react-devtools font-weight:bold @ webpack-internal:///./node_modules/react-dom/cjs/react-dom.development.js:29889
[  415812ms] ModuleBuildError: Module build failed (from ./node_modules/next/dist/build/webpack/loaders/next-swc-loader.js):
Error: 
  x the name `checkedCount` is defined multiple times
     ,-[/Users/anup.singh/Projects/anup-portfolio-next/components/DataProtectionBlog.tsx:407:1]
 407 | 
 408 |   const circumference = 2 * Math.PI * 70;
 409 |   const offset = circumference - (circumference * score) / 100;
 410 |   const checkedCount = checks.filter(Boolean).length;
     :         ^^^^^^|^^^^^
     :               `-- previous definition of `checkedCount` here
 411 | 
 412 |   const checkedCount = checks.filter(Boolean).length;
     :         ^^^^^^|^^^^^
     :               `-- `checkedCount` redefined here
 413 | 
 414 |   return (
 415 |     <div className="grid grid-cols-1 lg:grid-cols-[320px_1fr] gap-8 lg:gap-12">
     `----

    at processResult (file:///Users/anup.singh/Projects/anup-portfolio-next/node_modules/next/dist/compiled/webpack/bundle5.js:28:400590)
    at <unknown> (file:///Users/anup.singh/Projects/anup-portfolio-next/node_modules/next/dist/compiled/webpack/bundle5.js:28:402302)
    at <unknown> (file:///Users/anup.singh/Projects/anup-portfolio-next/node_modules/next/dist/compiled/loader-runner/LoaderRunner.js:1:8645)
    at <unknown> (file:///Users/anup.singh/Projects/anup-portfolio-next/node_modules/next/dist/compiled/loader-runner/LoaderRunner.js:1:5019)
    at r.callback (file:///Users/anup.singh/Projects/anup-portfolio-next/node_modules/next/dist/compiled/loader-runner/LoaderRunner.js:1:4039)
[  415813ms] [LOG] [HMR] connected @ webpack-internal:///./node_modules/next/dist/client/components/react-dev-overlay/pages/websocket.js:38
[  415814ms] [ERROR] ./components/DataProtectionBlog.tsx
Error: 
  x the name `checkedCount` is defined multiple times
     ,-[/Users/anup.singh/Projects/anup-portfolio-next/components/DataProtectionBlog.tsx:407:1]
 407 | 
 408 |   const circumference = 2 * Math.PI * 70;
 409 |   const offset = circumference - (circumference * score) / 100;
 410 |   const checkedCount = checks.filter(Boolean).length;
     :         ^^^^^^|^^^^^
     :               `-- previous definition of `checkedCount` here
 411 | 
 412 |   const checkedCount = checks.filter(Boolean).length;
     :         ^^^^^^|^^^^^
     :               `-- `checkedCount` redefined here
 413 | 
 414 |   return (
 415 |     <div className="grid grid-cols-1 lg:grid-cols-[320px_1fr] gap-8 lg:gap-12">
     `---- @ webpack-internal:///./node_modules/next/dist/client/components/react-dev-overlay/internal/helpers/hydration-error-info.js:62
[  415899ms] [ERROR] ./components/DataProtectionBlog.tsx
Error: 
  x the name `checkedCount` is defined multiple times
     ,-[/Users/anup.singh/Projects/anup-portfolio-next/components/DataProtectionBlog.tsx:407:1]
 407 | 
 408 |   const circumference = 2 * Math.PI * 70;
 409 |   const offset = circumference - (circumference * score) / 100;
 410 |   const checkedCount = checks.filter(Boolean).length;
     :         ^^^^^^|^^^^^
     :               `-- previous definition of `checkedCount` here
 411 | 
 412 |   const checkedCount = checks.filter(Boolean).length;
     :         ^^^^^^|^^^^^
     :               `-- `checkedCount` redefined here
 413 | 
 414 |   return (
 415 |     <div className="grid grid-cols-1 lg:grid-cols-[320px_1fr] gap-8 lg:gap-12">
     `---- @ webpack-internal:///./node_modules/next/dist/client/components/react-dev-overlay/internal/helpers/hydration-error-info.js:62
[  423037ms] [LOG] [Fast Refresh] rebuilding @ webpack-internal:///./node_modules/next/dist/client/components/react-dev-overlay/pages/hot-reloader-client.js:221
[  423088ms] [ERROR] ./components/DataProtectionBlog.tsx
Error: 
  x the name `checkedCount` is defined multiple times
     ,-[/Users/anup.singh/Projects/anup-portfolio-next/components/DataProtectionBlog.tsx:407:1]
 407 | 
 408 |   const circumference = 2 * Math.PI * 70;
 409 |   const offset = circumference - (circumference * score) / 100;
 410 |   const checkedCount = checks.filter(Boolean).length;
     :         ^^^^^^|^^^^^
     :               `-- previous definition of `checkedCount` here
 411 | 
 412 |   const checkedCount = checks.filter(Boolean).length;
     :         ^^^^^^|^^^^^
     :               `-- `checkedCount` redefined here
 413 | 
 414 |   return (
 415 |     <div className="grid grid-cols-1 lg:grid-cols-[320px_1fr] gap-8 lg:gap-12">
     `----

Import trace for requested module:
./components/DataProtectionBlog.tsx
./app/blog/[slug]/page.tsx @ webpack-internal:///./node_modules/next/dist/client/components/react-dev-overlay/internal/helpers/hydration-error-info.js:62
[  423138ms] [ERROR] Failed to load resource: the server responded with a status of 500 (Internal Server Error) @ http://localhost:3000/_next/static/webpack/98796b3046a284ef.webpack.hot-update.json:0
[  423138ms] [WARNING] [Fast Refresh] performing full reload

Fast Refresh will perform a full reload when you edit a file that's imported by modules outside of the React rendering tree.
You might have a file which exports a React component but also exports a value that is imported by a non-React component file.
Consider migrating the non-React component export to a separate file and importing it into both files.

It is also possible the parent component of the component you edited is a class component, which disables Fast Refresh.
Fast Refresh requires at least one parent function component in your React tree. @ webpack-internal:///./node_modules/next/dist/client/components/react-dev-overlay/pages/hot-reloader-client.js:347
[  423320ms] [ERROR] Failed to load resource: the server responded with a status of 500 (Internal Server Error) @ http://localhost:3000/blog/data-protection-web-security-essentials:0
[  423463ms] [INFO] %cDownload the React DevTools for a better development experience: https://reactjs.org/link/react-devtools font-weight:bold @ webpack-internal:///./node_modules/react-dom/cjs/react-dom.development.js:29889
[  423474ms] ModuleBuildError: Module build failed (from ./node_modules/next/dist/build/webpack/loaders/next-swc-loader.js):
Error: 
  x the name `checkedCount` is defined multiple times
     ,-[/Users/anup.singh/Projects/anup-portfolio-next/components/DataProtectionBlog.tsx:407:1]
 407 | 
 408 |   const circumference = 2 * Math.PI * 70;
 409 |   const offset = circumference - (circumference * score) / 100;
 410 |   const checkedCount = checks.filter(Boolean).length;
     :         ^^^^^^|^^^^^
     :               `-- previous definition of `checkedCount` here
 411 | 
 412 |   const checkedCount = checks.filter(Boolean).length;
     :         ^^^^^^|^^^^^
     :               `-- `checkedCount` redefined here
 413 | 
 414 |   return (
 415 |     <div className="grid grid-cols-1 lg:grid-cols-[320px_1fr] gap-8 lg:gap-12">
     `----

    at processResult (file:///Users/anup.singh/Projects/anup-portfolio-next/node_modules/next/dist/compiled/webpack/bundle5.js:28:400590)
    at <unknown> (file:///Users/anup.singh/Projects/anup-portfolio-next/node_modules/next/dist/compiled/webpack/bundle5.js:28:402302)
    at <unknown> (file:///Users/anup.singh/Projects/anup-portfolio-next/node_modules/next/dist/compiled/loader-runner/LoaderRunner.js:1:8645)
    at <unknown> (file:///Users/anup.singh/Projects/anup-portfolio-next/node_modules/next/dist/compiled/loader-runner/LoaderRunner.js:1:5019)
    at r.callback (file:///Users/anup.singh/Projects/anup-portfolio-next/node_modules/next/dist/compiled/loader-runner/LoaderRunner.js:1:4039)
[  423477ms] [LOG] [HMR] connected @ webpack-internal:///./node_modules/next/dist/client/components/react-dev-overlay/pages/websocket.js:38
[  423478ms] [ERROR] ./components/DataProtectionBlog.tsx
Error: 
  x the name `checkedCount` is defined multiple times
     ,-[/Users/anup.singh/Projects/anup-portfolio-next/components/DataProtectionBlog.tsx:407:1]
 407 | 
 408 |   const circumference = 2 * Math.PI * 70;
 409 |   const offset = circumference - (circumference * score) / 100;
 410 |   const checkedCount = checks.filter(Boolean).length;
     :         ^^^^^^|^^^^^
     :               `-- previous definition of `checkedCount` here
 411 | 
 412 |   const checkedCount = checks.filter(Boolean).length;
     :         ^^^^^^|^^^^^
     :               `-- `checkedCount` redefined here
 413 | 
 414 |   return (
 415 |     <div className="grid grid-cols-1 lg:grid-cols-[320px_1fr] gap-8 lg:gap-12">
     `---- @ webpack-internal:///./node_modules/next/dist/client/components/react-dev-overlay/internal/helpers/hydration-error-info.js:62
[  423488ms] [ERROR] ./components/DataProtectionBlog.tsx
Error: 
  x the name `checkedCount` is defined multiple times
     ,-[/Users/anup.singh/Projects/anup-portfolio-next/components/DataProtectionBlog.tsx:407:1]
 407 | 
 408 |   const circumference = 2 * Math.PI * 70;
 409 |   const offset = circumference - (circumference * score) / 100;
 410 |   const checkedCount = checks.filter(Boolean).length;
     :         ^^^^^^|^^^^^
     :               `-- previous definition of `checkedCount` here
 411 | 
 412 |   const checkedCount = checks.filter(Boolean).length;
     :         ^^^^^^|^^^^^
     :               `-- `checkedCount` redefined here
 413 | 
 414 |   return (
 415 |     <div className="grid grid-cols-1 lg:grid-cols-[320px_1fr] gap-8 lg:gap-12">
     `---- @ webpack-internal:///./node_modules/next/dist/client/components/react-dev-overlay/internal/helpers/hydration-error-info.js:62
[  441696ms] [LOG] [Fast Refresh] rebuilding @ webpack-internal:///./node_modules/next/dist/client/components/react-dev-overlay/pages/hot-reloader-client.js:221
[  441966ms] [LOG] [Fast Refresh] rebuilding @ webpack-internal:///./node_modules/next/dist/client/components/react-dev-overlay/pages/hot-reloader-client.js:221
[  442115ms] [ERROR] Failed to load resource: the server responded with a status of 404 (Not Found) @ http://localhost:3000/_next/static/webpack/98796b3046a284ef.webpack.hot-update.json:0
[  442116ms] [WARNING] [Fast Refresh] performing full reload because your application had an unrecoverable error @ webpack-internal:///./node_modules/next/dist/client/components/react-dev-overlay/pages/hot-reloader-client.js:349
[  442267ms] [ERROR] Refused to apply style from 'http://localhost:3000/_next/static/css/app/layout.css?v=1779804731889' because its MIME type ('text/html') is not a supported stylesheet MIME type, and strict MIME checking is enabled. @ http://localhost:3000/blog/data-protection-web-security-essentials:0
[  442290ms] [ERROR] Failed to load resource: the server responded with a status of 404 (Not Found) @ http://localhost:3000/_next/static/chunks/main-app.js?v=1779804731889:0
[  442290ms] [ERROR] Refused to execute script from 'http://localhost:3000/_next/static/chunks/main-app.js?v=1779804731889' because its MIME type ('text/html') is not executable, and strict MIME type checking is enabled. @ http://localhost:3000/blog/data-protection-web-security-essentials:0
[  442293ms] [ERROR] Failed to load resource: the server responded with a status of 404 (Not Found) @ http://localhost:3000/_next/static/chunks/app-pages-internals.js:0
[  442293ms] [ERROR] Refused to execute script from 'http://localhost:3000/_next/static/chunks/app-pages-internals.js' because its MIME type ('text/html') is not executable, and strict MIME type checking is enabled. @ http://localhost:3000/blog/data-protection-web-security-essentials:0
[  442296ms] [ERROR] Failed to load resource: the server responded with a status of 404 (Not Found) @ http://localhost:3000/_next/static/chunks/app/page.js:0
[  442296ms] [ERROR] Refused to execute script from 'http://localhost:3000/_next/static/chunks/app/page.js' because its MIME type ('text/html') is not executable, and strict MIME type checking is enabled. @ http://localhost:3000/blog/data-protection-web-security-essentials:0
[  445301ms] [WARNING] The resource https://www.googletagmanager.com/gtag/js?id=G-XXXXXXXXXX was preloaded using link preload but not used within a few seconds from the window's load event. Please make sure it has an appropriate `as` value and it is preloaded intentionally. @ http://localhost:3000/blog/data-protection-web-security-essentials:0
