[     995ms] [ERROR] Failed to load resource: the server responded with a status of 500 (Internal Server Error) @ http://localhost:3000/blog/data-protection-web-security-essentials:0
[    1152ms] [INFO] %cDownload the React DevTools for a better development experience: https://reactjs.org/link/react-devtools font-weight:bold @ webpack-internal:///./node_modules/react-dom/cjs/react-dom.development.js:29889
[    1179ms] Error: Cannot find module './948.js'
Require stack:
- /Users/anup.singh/Projects/anup-portfolio-next/.next/server/webpack-runtime.js
- /Users/anup.singh/Projects/anup-portfolio-next/.next/server/app/_not-found/page.js
- /Users/anup.singh/Projects/anup-portfolio-next/node_modules/next/dist/server/require.js
- /Users/anup.singh/Projects/anup-portfolio-next/node_modules/next/dist/server/load-components.js
- /Users/anup.singh/Projects/anup-portfolio-next/node_modules/next/dist/build/utils.js
- /Users/anup.singh/Projects/anup-portfolio-next/node_modules/next/dist/server/dev/hot-middleware.js
- /Users/anup.singh/Projects/anup-portfolio-next/node_modules/next/dist/server/dev/hot-reloader-webpack.js
- /Users/anup.singh/Projects/anup-portfolio-next/node_modules/next/dist/server/lib/router-utils/setup-dev-bundler.js
- /Users/anup.singh/Projects/anup-portfolio-next/node_modules/next/dist/server/lib/router-server.js
- /Users/anup.singh/Projects/anup-portfolio-next/node_modules/next/dist/server/lib/start-server.js
    at Module._resolveFilename (node:internal/modules/cjs/loader:1140:15)
    at <unknown> (file:///Users/anup.singh/Projects/anup-portfolio-next/node_modules/next/dist/server/require-hook.js:55:36)
    at Module._load (node:internal/modules/cjs/loader:981:27)
    at Module.require (node:internal/modules/cjs/loader:1231:19)
    at mod.require (file:///Users/anup.singh/Projects/anup-portfolio-next/node_modules/next/dist/server/require-hook.js:65:28)
    at require (node:internal/modules/helpers:177:18)
    at __webpack_require__.f.require (file:///Users/anup.singh/Projects/anup-portfolio-next/.next/server/webpack-runtime.js:198:28)
    at <unknown> (file:///Users/anup.singh/Projects/anup-portfolio-next/.next/server/webpack-runtime.js:111:40)
    at Array.reduce (<anonymous>)
    at __webpack_require__.e (file:///Users/anup.singh/Projects/anup-portfolio-next/.next/server/webpack-runtime.js:110:67)
    at Array.map (<anonymous>)
    at __webpack_require__.X (file:///Users/anup.singh/Projects/anup-portfolio-next/.next/server/webpack-runtime.js:162:22)
    at <unknown> (file:///Users/anup.singh/Projects/anup-portfolio-next/.next/server/app/blog/[slug]/page.js:1:79729)
    at Object.<anonymous> (file:///Users/anup.singh/Projects/anup-portfolio-next/.next/server/app/blog/[slug]/page.js:1:79785)
    at Module._compile (node:internal/modules/cjs/loader:1364:14)
    at Module._extensions..js (node:internal/modules/cjs/loader:1422:10)
    at Module.load (node:internal/modules/cjs/loader:1203:32)
    at Module._load (node:internal/modules/cjs/loader:1019:12)
    at Module.require (node:internal/modules/cjs/loader:1231:19)
    at mod.require (file:///Users/anup.singh/Projects/anup-portfolio-next/node_modules/next/dist/server/require-hook.js:65:28)
    at require (node:internal/modules/helpers:177:18)
    at requirePage (file:///Users/anup.singh/Projects/anup-portfolio-next/node_modules/next/dist/server/require.js:109:84)
    at <unknown> (file:///Users/anup.singh/Projects/anup-portfolio-next/node_modules/next/dist/server/load-components.js:103:84)
    at async loadComponentsImpl (file:///Users/anup.singh/Projects/anup-portfolio-next/node_modules/next/dist/server/load-components.js:103:26)
    at async DevServer.findPageComponentsImpl (file:///Users/anup.singh/Projects/anup-portfolio-next/node_modules/next/dist/server/next-server.js:714:36)
    at async DevServer.findPageComponents (file:///Users/anup.singh/Projects/anup-portfolio-next/node_modules/next/dist/server/dev/next-dev-server.js:577:20)
    at async DevServer.renderPageComponent (file:///Users/anup.singh/Projects/anup-portfolio-next/node_modules/next/dist/server/base-server.js:1910:24)
    at async DevServer.renderToResponseImpl (file:///Users/anup.singh/Projects/anup-portfolio-next/node_modules/next/dist/server/base-server.js:1962:32)
    at async DevServer.pipeImpl (file:///Users/anup.singh/Projects/anup-portfolio-next/node_modules/next/dist/server/base-server.js:922:25)
    at async NextNodeServer.handleCatchallRenderRequest (file:///Users/anup.singh/Projects/anup-portfolio-next/node_modules/next/dist/server/next-server.js:272:17)
    at async DevServer.handleRequestImpl (file:///Users/anup.singh/Projects/anup-portfolio-next/node_modules/next/dist/server/base-server.js:818:17)
    at async (file:///Users/anup.singh/Projects/anup-portfolio-next/node_modules/next/dist/server/dev/next-dev-server.js:339:20)
    at async Span.traceAsyncFn (file:///Users/anup.singh/Projects/anup-portfolio-next/node_modules/next/dist/trace/trace.js:154:20)
    at async DevServer.handleRequest (file:///Users/anup.singh/Projects/anup-portfolio-next/node_modules/next/dist/server/dev/next-dev-server.js:336:24)
    at async invokeRender (file:///Users/anup.singh/Projects/anup-portfolio-next/node_modules/next/dist/server/lib/router-server.js:179:21)
    at async handleRequest (file:///Users/anup.singh/Projects/anup-portfolio-next/node_modules/next/dist/server/lib/router-server.js:359:24)
    at async requestHandlerImpl (file:///Users/anup.singh/Projects/anup-portfolio-next/node_modules/next/dist/server/lib/router-server.js:383:13)
    at async Server.requestListener (file:///Users/anup.singh/Projects/anup-portfolio-next/node_modules/next/dist/server/lib/start-server.js:141:13)
[    1178ms] [LOG] [HMR] connected @ webpack-internal:///./node_modules/next/dist/client/components/react-dev-overlay/pages/websocket.js:38
